// Jest Snapshot v1, https://goo.gl/fbAQLP

exports[`should render ExpenseListItem with expenses 1`] = `
<div>
  <Link
    replace={false}
    to="/edit/0"
  >
    <h3>
      Gum
    </h3>
  </Link>
  <p>
    $1.95
     -
     
    Jan 1st, 1970
  </p>
</div>
`;
